
Fetching 22 files:   0%|          | 0/22 [00:00<?, ?it/s]
Fetching 22 files: 100%|██████████| 22/22 [00:00<00:00, 1139.36it/s]
/usr/local/lib/python3.12/dist-packages/huggingface_hub/utils/_validators.py:206: UserWarning: The `local_dir_use_symlinks` argument is deprecated and ignored in `hf_hub_download`. Downloading to a local directory does not use symlinks anymore.
  warnings.warn(
Warning: You are sending unauthenticated requests to the HF Hub. Please set a HF_TOKEN to enable higher rate limits and faster downloads.

Fetching 4 files:   0%|          | 0/4 [00:00<?, ?it/s]
Fetching 4 files: 100%|██████████| 4/4 [00:00<00:00, 701.12it/s]

Loading weights:   0%|          | 0/750 [00:00<?, ?it/s]
Loading weights:   0%|          | 1/750 [00:00<05:37,  2.22it/s]
Loading weights:   0%|          | 2/750 [00:01<06:24,  1.95it/s]
Loading weights:   1%|          | 6/750 [00:01<01:43,  7.20it/s]
Loading weights:   2%|▏         | 16/750 [00:01<00:35, 20.43it/s]
Loading weights:   3%|▎         | 26/750 [00:01<00:21, 33.38it/s]
Loading weights:   4%|▍         | 32/750 [00:01<00:18, 37.98it/s]
Loading weights:   5%|▌         | 39/750 [00:01<00:16, 42.01it/s]
Loading weights:   7%|▋         | 49/750 [00:01<00:13, 51.25it/s]
Loading weights:   8%|▊         | 60/750 [00:01<00:12, 56.52it/s]
Loading weights:   9%|▉         | 69/750 [00:02<00:11, 60.86it/s]
Loading weights:  10%|█         | 78/750 [00:02<00:10, 65.95it/s]
Loading weights:  11%|█▏        | 86/750 [00:02<00:10, 63.84it/s]
Loading weights:  12%|█▏        | 93/750 [00:02<00:10, 63.50it/s]
Loading weights:  13%|█▎        | 101/750 [00:02<00:09, 65.50it/s]
Loading weights:  15%|█▍        | 110/750 [00:02<00:09, 69.81it/s]
Loading weights:  16%|█▌        | 118/750 [00:02<00:10, 62.93it/s]
Loading weights:  17%|█▋        | 126/750 [00:02<00:10, 61.87it/s]
Loading weights:  18%|█▊        | 137/750 [00:03<00:08, 69.60it/s]
Loading weights:  19%|█▉        | 146/750 [00:03<00:08, 74.03it/s]
Loading weights:  21%|██        | 154/750 [00:03<00:08, 68.60it/s]
Loading weights:  22%|██▏       | 162/750 [00:03<00:09, 64.17it/s]
Loading weights:  23%|██▎       | 169/750 [00:03<00:08, 65.07it/s]
Loading weights:  23%|██▎       | 176/750 [00:03<00:09, 58.20it/s]
Loading weights:  24%|██▍       | 183/750 [00:03<00:09, 59.10it/s]
Loading weights:  26%|██▌       | 192/750 [00:03<00:09, 59.50it/s]
Loading weights:  27%|██▋       | 203/750 [00:04<00:08, 67.37it/s]
Loading weights:  28%|██▊       | 211/750 [00:04<00:07, 68.68it/s]
Loading weights:  29%|██▉       | 218/750 [00:04<00:08, 64.24it/s]
Loading weights:  30%|███       | 225/750 [00:04<00:08, 65.60it/s]
Loading weights:  31%|███       | 233/750 [00:04<00:07, 67.75it/s]
Loading weights:  32%|███▏      | 240/750 [00:04<00:07, 64.49it/s]
Loading weights:  33%|███▎      | 247/750 [00:04<00:07, 64.20it/s]
Loading weights:  34%|███▍      | 256/750 [00:04<00:07, 69.24it/s]
Loading weights:  35%|███▌      | 263/750 [00:05<00:07, 66.17it/s]
Loading weights:  36%|███▌      | 270/750 [00:05<00:07, 61.86it/s]
Loading weights:  37%|███▋      | 280/750 [00:05<00:07, 63.10it/s]
Loading weights:  39%|███▉      | 291/750 [00:05<00:06, 73.18it/s]
Loading weights:  40%|███▉      | 299/750 [00:05<00:06, 72.83it/s]
Loading weights:  41%|████      | 307/750 [00:05<00:06, 73.72it/s]
Loading weights:  42%|████▏     | 315/750 [00:05<00:06, 68.99it/s]
Loading weights:  43%|████▎     | 324/750 [00:05<00:06, 64.97it/s]
Loading weights:  45%|████▍     | 335/750 [00:06<00:05, 74.63it/s]
Loading weights:  46%|████▌     | 344/750 [00:06<00:05, 76.21it/s]
Loading weights:  47%|████▋     | 352/750 [00:06<00:05, 76.89it/s]
Loading weights:  48%|████▊     | 360/750 [00:06<00:05, 70.46it/s]
Loading weights:  49%|████▉     | 368/750 [00:06<00:05, 65.87it/s]
Loading weights:  51%|█████     | 379/750 [00:06<00:05, 68.92it/s]
Loading weights:  52%|█████▏    | 390/750 [00:06<00:04, 74.02it/s]
Loading weights:  56%|█████▌    | 420/750 [00:06<00:02, 128.13it/s]
Loading weights:  62%|██████▏   | 467/750 [00:06<00:01, 211.37it/s]
Loading weights:  71%|███████▏  | 535/750 [00:07<00:00, 335.28it/s]
Loading weights:  80%|███████▉  | 599/750 [00:07<00:00, 416.93it/s]
Loading weights:  91%|█████████ | 683/750 [00:07<00:00, 522.62it/s]
Loading weights:  98%|█████████▊| 738/750 [00:07<00:00, 480.20it/s]
Loading weights: 100%|██████████| 750/750 [00:07<00:00, 100.41it/s]
[DiffusionPipelineProfiler] Method path tokenizer.forward not found

Multi-thread loading shards:   0% Completed | 0/2 [00:00<?, ?it/s]

Multi-thread loading shards:  50% Completed | 1/2 [00:03<00:03,  3.69s/it]

Multi-thread loading shards: 100% Completed | 2/2 [00:06<00:00,  3.37s/it]

Multi-thread loading shards: 100% Completed | 2/2 [00:06<00:00,  3.42s/it]


  0%|          | 0/2 [00:00<?, ?it/s]
 50%|█████     | 1/2 [00:00<00:00,  3.10it/s]
100%|██████████| 2/2 [00:00<00:00,  5.51it/s]

Processed prompts:   0%|          | 0/1 [00:00<?, ?it/s]KV recv for 0_6a431626-995b-4c97-ae2c-bab130d2c2d9 0.1ms


  0%|          | 0/50 [00:00<?, ?it/s][A

  2%|▏         | 1/50 [00:00<00:07,  6.73it/s][A

  4%|▍         | 2/50 [00:00<00:07,  6.78it/s][A

  8%|▊         | 4/50 [00:00<00:05,  8.36it/s][A

 10%|█         | 5/50 [00:00<00:05,  7.88it/s][A

 12%|█▏        | 6/50 [00:00<00:05,  7.58it/s][A

 14%|█▍        | 7/50 [00:00<00:05,  7.27it/s][A

 16%|█▌        | 8/50 [00:01<00:05,  7.10it/s][A

 18%|█▊        | 9/50 [00:01<00:05,  7.01it/s][A

 20%|██        | 10/50 [00:01<00:05,  7.01it/s][A

 22%|██▏       | 11/50 [00:01<00:05,  7.01it/s][A

 24%|██▍       | 12/50 [00:01<00:05,  7.03it/s][A

 26%|██▌       | 13/50 [00:01<00:05,  7.03it/s][A

 28%|██▊       | 14/50 [00:01<00:05,  6.88it/s][A

 30%|███       | 15/50 [00:02<00:05,  6.84it/s][A

 32%|███▏      | 16/50 [00:02<00:04,  6.87it/s][A

 34%|███▍      | 17/50 [00:02<00:04,  6.92it/s][A

 36%|███▌      | 18/50 [00:02<00:04,  6.96it/s][A

 38%|███▊      | 19/50 [00:02<00:04,  7.00it/s][A

 40%|████      | 20/50 [00:02<00:04,  6.96it/s][A

 42%|████▏     | 21/50 [00:02<00:04,  6.89it/s][A

 44%|████▍     | 22/50 [00:03<00:04,  6.87it/s][A

 46%|████▌     | 23/50 [00:03<00:03,  6.88it/s][A

 48%|████▊     | 24/50 [00:03<00:03,  6.90it/s][A

 50%|█████     | 25/50 [00:03<00:03,  6.95it/s][A

 52%|█████▏    | 26/50 [00:03<00:03,  6.98it/s][A

 54%|█████▍    | 27/50 [00:03<00:03,  6.96it/s][A

 56%|█████▌    | 28/50 [00:03<00:03,  6.92it/s][A

 58%|█████▊    | 29/50 [00:04<00:03,  6.87it/s][A

 60%|██████    | 30/50 [00:04<00:02,  6.86it/s][A

 62%|██████▏   | 31/50 [00:04<00:02,  6.87it/s][A

 64%|██████▍   | 32/50 [00:04<00:02,  6.91it/s][A

 66%|██████▌   | 33/50 [00:04<00:02,  6.92it/s][A

 68%|██████▊   | 34/50 [00:04<00:02,  6.92it/s][A

 70%|███████   | 35/50 [00:04<00:02,  6.91it/s][A

 72%|███████▏  | 36/50 [00:05<00:02,  6.92it/s][A

 74%|███████▍  | 37/50 [00:05<00:01,  6.87it/s][A

 76%|███████▌  | 38/50 [00:05<00:01,  6.89it/s][A

 78%|███████▊  | 39/50 [00:05<00:01,  6.95it/s][A

 80%|████████  | 40/50 [00:05<00:01,  6.97it/s][A

 82%|████████▏ | 41/50 [00:05<00:01,  6.92it/s][A

 84%|████████▍ | 42/50 [00:06<00:01,  6.90it/s][A

 86%|████████▌ | 43/50 [00:06<00:01,  6.92it/s][A

 88%|████████▊ | 44/50 [00:06<00:00,  6.93it/s][A

 90%|█████████ | 45/50 [00:06<00:00,  6.96it/s][A

 92%|█████████▏| 46/50 [00:06<00:00,  6.95it/s][A

 94%|█████████▍| 47/50 [00:06<00:00,  6.93it/s][A

 96%|█████████▌| 48/50 [00:06<00:00,  6.93it/s][A

 98%|█████████▊| 49/50 [00:07<00:00,  6.92it/s][A

100%|██████████| 50/50 [00:07<00:00,  6.94it/s][A
100%|██████████| 50/50 [00:07<00:00,  6.99it/s]
Peak GPU memory (this request): 38.12 GB reserved, 36.85 GB allocated, 1.27 GB pool overhead (3.3%)

Processed prompts: 100%|██████████| 1/1 [00:07<00:00,  7.51s/it]
Processed prompts: 100%|██████████| 1/1 [00:07<00:00,  7.51s/it]
{"phase": "warmup", "index": 0, "wall_s": 7.512408107999988, "device_used_peak_mib": 39799, "stage_durations_s": {"QwenImage21Pipeline.text_encoder.forward": 0.07422140599999238, "QwenImage21Pipeline.diffuse": 7.240640573000007, "QwenImage21Pipeline.vae.decode": 0.13511633599999584, "queue_wait_ms": 1.1681109999983619, "stage_0_gen_ms": 7507.977485656738}, "engine_peak_memory_mb": 39030.0, "torch_max_memory_allocated_gib": 36.84854555130005, "torch_max_memory_reserved_gib": 38.115234375, "error": null, "image_sha256": "b78bc930384bad7e0f85c29b6db823cc21d080204f8487a3c6cf164a3e06b96b"}

Processed prompts:   0%|          | 0/1 [00:00<?, ?it/s]KV recv for 0_47a0e2f6-411f-4efc-921d-1eb9f3778529 0.0ms


  0%|          | 0/50 [00:00<?, ?it/s][A

  4%|▍         | 2/50 [00:00<00:04, 10.14it/s][A

  8%|▊         | 4/50 [00:00<00:05,  8.10it/s][A

 10%|█         | 5/50 [00:00<00:05,  7.76it/s][A

 12%|█▏        | 6/50 [00:00<00:05,  7.53it/s][A

 14%|█▍        | 7/50 [00:00<00:05,  7.27it/s][A

 16%|█▌        | 8/50 [00:01<00:05,  7.02it/s][A

 18%|█▊        | 9/50 [00:01<00:05,  6.99it/s][A

 20%|██        | 10/50 [00:01<00:05,  7.01it/s][A

 22%|██▏       | 11/50 [00:01<00:05,  7.02it/s][A

 24%|██▍       | 12/50 [00:01<00:05,  7.04it/s][A

 26%|██▌       | 13/50 [00:01<00:05,  7.05it/s][A

 28%|██▊       | 14/50 [00:01<00:05,  6.92it/s][A

 30%|███       | 15/50 [00:02<00:05,  6.86it/s][A

 32%|███▏      | 16/50 [00:02<00:04,  6.89it/s][A

 34%|███▍      | 17/50 [00:02<00:04,  6.93it/s][A

 36%|███▌      | 18/50 [00:02<00:04,  6.96it/s][A

 38%|███▊      | 19/50 [00:02<00:04,  6.98it/s][A

 40%|████      | 20/50 [00:02<00:04,  6.98it/s][A

 42%|████▏     | 21/50 [00:02<00:04,  6.91it/s][A

 44%|████▍     | 22/50 [00:03<00:04,  6.86it/s][A

 46%|████▌     | 23/50 [00:03<00:03,  6.87it/s][A

 48%|████▊     | 24/50 [00:03<00:03,  6.91it/s][A

 50%|█████     | 25/50 [00:03<00:03,  6.95it/s][A

 52%|█████▏    | 26/50 [00:03<00:03,  6.98it/s][A

 54%|█████▍    | 27/50 [00:03<00:03,  6.97it/s][A

 56%|█████▌    | 28/50 [00:03<00:03,  6.93it/s][A

 58%|█████▊    | 29/50 [00:04<00:03,  6.90it/s][A

 60%|██████    | 30/50 [00:04<00:02,  6.91it/s][A

 62%|██████▏   | 31/50 [00:04<00:02,  6.93it/s][A

 64%|██████▍   | 32/50 [00:04<00:02,  6.92it/s][A

 66%|██████▌   | 33/50 [00:04<00:02,  6.94it/s][A

 68%|██████▊   | 34/50 [00:04<00:02,  6.93it/s][A

 70%|███████   | 35/50 [00:04<00:02,  6.93it/s][A

 72%|███████▏  | 36/50 [00:05<00:02,  6.88it/s][A

 74%|███████▍  | 37/50 [00:05<00:01,  6.91it/s][A

 76%|███████▌  | 38/50 [00:05<00:01,  6.92it/s][A

 78%|███████▊  | 39/50 [00:05<00:01,  6.92it/s][A

 80%|████████  | 40/50 [00:05<00:01,  6.94it/s][A

 82%|████████▏ | 41/50 [00:05<00:01,  6.94it/s][A

 84%|████████▍ | 42/50 [00:05<00:01,  6.89it/s][A

 86%|████████▌ | 43/50 [00:06<00:01,  6.85it/s][A

 88%|████████▊ | 44/50 [00:06<00:00,  6.87it/s][A

 90%|█████████ | 45/50 [00:06<00:00,  6.92it/s][A

 92%|█████████▏| 46/50 [00:06<00:00,  6.94it/s][A

 94%|█████████▍| 47/50 [00:06<00:00,  6.94it/s][A

 96%|█████████▌| 48/50 [00:06<00:00,  6.91it/s][A

 98%|█████████▊| 49/50 [00:06<00:00,  6.89it/s][A

100%|██████████| 50/50 [00:07<00:00,  6.89it/s][A
100%|██████████| 50/50 [00:07<00:00,  7.01it/s]
Peak GPU memory (this request): 38.12 GB reserved, 36.86 GB allocated, 1.26 GB pool overhead (3.3%)

Processed prompts: 100%|██████████| 1/1 [00:07<00:00,  7.42s/it]
Processed prompts: 100%|██████████| 1/1 [00:07<00:00,  7.42s/it]
{"phase": "measured", "index": 0, "wall_s": 7.426136536999991, "device_used_peak_mib": 39799, "stage_durations_s": {"QwenImage21Pipeline.text_encoder.forward": 0.04157964600000241, "QwenImage21Pipeline.diffuse": 7.217607225999998, "QwenImage21Pipeline.vae.decode": 0.11349282999999843, "queue_wait_ms": 0.7098730000052456, "stage_0_gen_ms": 7423.5734939575195}, "engine_peak_memory_mb": 39030.0, "torch_max_memory_allocated_gib": 36.85703945159912, "torch_max_memory_reserved_gib": 38.115234375, "error": null, "image_sha256": "b78bc930384bad7e0f85c29b6db823cc21d080204f8487a3c6cf164a3e06b96b"}

Processed prompts:   0%|          | 0/1 [00:00<?, ?it/s]KV recv for 0_1ba35db0-67d7-4440-a4df-f488386cc958 0.0ms


  0%|          | 0/50 [00:00<?, ?it/s][A

  4%|▍         | 2/50 [00:00<00:04, 10.10it/s][A

  8%|▊         | 4/50 [00:00<00:05,  8.02it/s][A

 10%|█         | 5/50 [00:00<00:05,  7.70it/s][A

 12%|█▏        | 6/50 [00:00<00:05,  7.51it/s][A

 14%|█▍        | 7/50 [00:00<00:05,  7.22it/s][A

 16%|█▌        | 8/50 [00:01<00:05,  7.04it/s][A

 18%|█▊        | 9/50 [00:01<00:05,  7.00it/s][A

 20%|██        | 10/50 [00:01<00:05,  7.01it/s][A

 22%|██▏       | 11/50 [00:01<00:05,  7.01it/s][A

 24%|██▍       | 12/50 [00:01<00:05,  7.00it/s][A

 26%|██▌       | 13/50 [00:01<00:05,  6.97it/s][A

 28%|██▊       | 14/50 [00:01<00:05,  6.87it/s][A

 30%|███       | 15/50 [00:02<00:05,  6.84it/s][A

 32%|███▏      | 16/50 [00:02<00:04,  6.86it/s][A

 34%|███▍      | 17/50 [00:02<00:04,  6.91it/s][A

 36%|███▌      | 18/50 [00:02<00:04,  6.96it/s][A

 38%|███▊      | 19/50 [00:02<00:04,  6.99it/s][A

 40%|████      | 20/50 [00:02<00:04,  6.92it/s][A

 42%|████▏     | 21/50 [00:02<00:04,  6.88it/s][A

 44%|████▍     | 22/50 [00:03<00:04,  6.84it/s][A

 46%|████▌     | 23/50 [00:03<00:03,  6.86it/s][A

 48%|████▊     | 24/50 [00:03<00:03,  6.88it/s][A

 50%|█████     | 25/50 [00:03<00:03,  6.92it/s][A

 52%|█████▏    | 26/50 [00:03<00:03,  6.97it/s][A

 54%|█████▍    | 27/50 [00:03<00:03,  6.92it/s][A

 56%|█████▌    | 28/50 [00:03<00:03,  6.86it/s][A

 58%|█████▊    | 29/50 [00:04<00:03,  6.86it/s][A

 60%|██████    | 30/50 [00:04<00:02,  6.85it/s][A

 62%|██████▏   | 31/50 [00:04<00:02,  6.89it/s][A

 64%|██████▍   | 32/50 [00:04<00:02,  6.90it/s][A

 66%|██████▌   | 33/50 [00:04<00:02,  6.92it/s][A

 68%|██████▊   | 34/50 [00:04<00:02,  6.87it/s][A

 70%|███████   | 35/50 [00:04<00:02,  6.88it/s][A

 72%|███████▏  | 36/50 [00:05<00:02,  6.86it/s][A

 74%|███████▍  | 37/50 [00:05<00:01,  6.85it/s][A

 76%|███████▌  | 38/50 [00:05<00:01,  6.87it/s][A

 78%|███████▊  | 39/50 [00:05<00:01,  6.92it/s][A

 80%|████████  | 40/50 [00:05<00:01,  6.94it/s][A

 82%|████████▏ | 41/50 [00:05<00:01,  6.92it/s][A

 84%|████████▍ | 42/50 [00:05<00:01,  6.90it/s][A

 86%|████████▌ | 43/50 [00:06<00:01,  6.89it/s][A

 88%|████████▊ | 44/50 [00:06<00:00,  6.90it/s][A

 90%|█████████ | 45/50 [00:06<00:00,  6.91it/s][A

 92%|█████████▏| 46/50 [00:06<00:00,  6.92it/s][A

 94%|█████████▍| 47/50 [00:06<00:00,  6.91it/s][A

 96%|█████████▌| 48/50 [00:06<00:00,  6.92it/s][A

 98%|█████████▊| 49/50 [00:07<00:00,  6.91it/s][A

100%|██████████| 50/50 [00:07<00:00,  6.90it/s][A
100%|██████████| 50/50 [00:07<00:00,  6.99it/s]
Peak GPU memory (this request): 38.12 GB reserved, 36.86 GB allocated, 1.26 GB pool overhead (3.3%)

Processed prompts: 100%|██████████| 1/1 [00:07<00:00,  7.45s/it]
Processed prompts: 100%|██████████| 1/1 [00:07<00:00,  7.45s/it]
{"phase": "measured", "index": 1, "wall_s": 7.449053165999999, "device_used_peak_mib": 39799, "stage_durations_s": {"QwenImage21Pipeline.text_encoder.forward": 0.042259839999999826, "QwenImage21Pipeline.diffuse": 7.240040347000004, "QwenImage21Pipeline.vae.decode": 0.11279309699999374, "queue_wait_ms": 0.7804939999971339, "stage_0_gen_ms": 7446.108818054199}, "engine_peak_memory_mb": 39030.0, "torch_max_memory_allocated_gib": 36.85648155212402, "torch_max_memory_reserved_gib": 38.115234375, "error": null, "image_sha256": "b78bc930384bad7e0f85c29b6db823cc21d080204f8487a3c6cf164a3e06b96b"}
{
  "engine_init_s": 36.194344045,
  "engine_init_device_used_peak_mib": 33779,
  "wall_s": {
    "n": 2,
    "mean": 7.437594851499995,
    "min": 7.426136536999991,
    "max": 7.449053165999999,
    "stdev": 0.01620450376784196
  },
  "device_used_peak_mib": {
    "n": 2,
    "mean": 39799.0,
    "min": 39799,
    "max": 39799,
    "stdev": 0.0
  },
  "stages_s": {
    "QwenImage21Pipeline.diffuse": {
      "n": 2,
      "mean": 7.228823786500001,
      "min": 7.217607225999998,
      "max": 7.240040347000004,
      "stdev": 0.015862611982282546
    },
    "QwenImage21Pipeline.text_encoder.forward": {
      "n": 2,
      "mean": 0.04191974300000112,
      "min": 0.04157964600000241,
      "max": 0.042259839999999826,
      "stdev": 0.0004809697899205738
    },
    "QwenImage21Pipeline.vae.decode": {
      "n": 2,
      "mean": 0.11314296349999609,
      "min": 0.11279309699999374,
      "max": 0.11349282999999843,
      "stdev": 0.0004947859493233289
    },
    "queue_wait_ms": {
      "n": 2,
      "mean": 0.7451835000011897,
      "min": 0.7098730000052456,
      "max": 0.7804939999971339,
      "stdev": 0.04993658798843934
    },
    "stage_0_gen_ms": {
      "n": 2,
      "mean": 7434.841156005859,
      "min": 7423.5734939575195,
      "max": 7446.108818054199,
      "stdev": 15.934880484998816
    }
  },
  "image_sha256_identical": true,
  "failures": 0
}
