
Fetching 22 files:   0%|          | 0/22 [00:00<?, ?it/s]
Fetching 22 files: 100%|██████████| 22/22 [00:00<00:00, 1332.83it/s]
/usr/local/lib/python3.12/dist-packages/huggingface_hub/utils/_validators.py:206: UserWarning: The `local_dir_use_symlinks` argument is deprecated and ignored in `hf_hub_download`. Downloading to a local directory does not use symlinks anymore.
  warnings.warn(
Warning: You are sending unauthenticated requests to the HF Hub. Please set a HF_TOKEN to enable higher rate limits and faster downloads.

Fetching 4 files:   0%|          | 0/4 [00:00<?, ?it/s]
Fetching 4 files: 100%|██████████| 4/4 [00:00<00:00, 874.09it/s]

Loading weights:   0%|          | 0/750 [00:00<?, ?it/s]
Loading weights:   0%|          | 1/750 [00:00<06:33,  1.90it/s]
Loading weights:   0%|          | 2/750 [00:01<06:56,  1.79it/s]
Loading weights:   1%|          | 6/750 [00:01<01:51,  6.67it/s]
Loading weights:   2%|▏         | 15/750 [00:01<00:38, 19.18it/s]
Loading weights:   3%|▎         | 24/750 [00:01<00:23, 30.99it/s]
Loading weights:   4%|▍         | 32/750 [00:01<00:18, 38.36it/s]
Loading weights:   5%|▌         | 38/750 [00:01<00:17, 41.61it/s]
Loading weights:   7%|▋         | 49/750 [00:01<00:12, 54.24it/s]
Loading weights:   8%|▊         | 58/750 [00:02<00:13, 50.12it/s]
Loading weights:   9%|▉         | 71/750 [00:02<00:11, 59.77it/s]
Loading weights:  11%|█         | 82/750 [00:02<00:09, 68.64it/s]
Loading weights:  12%|█▏        | 91/750 [00:02<00:09, 72.51it/s]
Loading weights:  13%|█▎        | 99/750 [00:02<00:09, 69.14it/s]
Loading weights:  14%|█▍        | 107/750 [00:02<00:09, 68.12it/s]
Loading weights:  15%|█▌        | 115/750 [00:02<00:09, 70.30it/s]
Loading weights:  17%|█▋        | 124/750 [00:02<00:08, 72.98it/s]
Loading weights:  18%|█▊        | 132/750 [00:02<00:08, 70.04it/s]
Loading weights:  19%|█▊        | 140/750 [00:03<00:08, 68.89it/s]
Loading weights:  20%|█▉        | 148/750 [00:03<00:09, 64.13it/s]
Loading weights:  21%|██        | 157/750 [00:03<00:09, 65.26it/s]
Loading weights:  22%|██▏       | 164/750 [00:03<00:08, 66.04it/s]
Loading weights:  23%|██▎       | 171/750 [00:03<00:08, 64.90it/s]
Loading weights:  24%|██▍       | 181/750 [00:03<00:07, 73.47it/s]
Loading weights:  25%|██▌       | 190/750 [00:03<00:07, 76.89it/s]
Loading weights:  26%|██▋       | 198/750 [00:03<00:08, 68.84it/s]
Loading weights:  27%|██▋       | 206/750 [00:04<00:08, 64.94it/s]
Loading weights:  29%|██▊       | 214/750 [00:04<00:07, 67.30it/s]
Loading weights:  30%|███       | 225/750 [00:04<00:07, 72.16it/s]
Loading weights:  31%|███       | 234/750 [00:04<00:06, 75.95it/s]
Loading weights:  32%|███▏      | 242/750 [00:04<00:07, 67.97it/s]
Loading weights:  33%|███▎      | 249/750 [00:04<00:07, 63.43it/s]
Loading weights:  34%|███▍      | 258/750 [00:04<00:07, 64.32it/s]
Loading weights:  36%|███▌      | 270/750 [00:05<00:06, 71.92it/s]
Loading weights:  37%|███▋      | 280/750 [00:05<00:06, 74.17it/s]
Loading weights:  38%|███▊      | 288/750 [00:05<00:06, 75.48it/s]
Loading weights:  39%|███▉      | 296/750 [00:05<00:06, 75.30it/s]
Loading weights:  41%|████      | 304/750 [00:05<00:06, 72.25it/s]
Loading weights:  42%|████▏     | 313/750 [00:05<00:06, 72.13it/s]
Loading weights:  43%|████▎     | 322/750 [00:05<00:05, 76.13it/s]
Loading weights:  44%|████▍     | 330/750 [00:05<00:05, 76.36it/s]
Loading weights:  45%|████▌     | 338/750 [00:05<00:05, 72.56it/s]
Loading weights:  46%|████▌     | 346/750 [00:06<00:05, 69.22it/s]
Loading weights:  48%|████▊     | 357/750 [00:06<00:05, 76.63it/s]
Loading weights:  49%|████▉     | 368/750 [00:06<00:05, 71.44it/s]
Loading weights:  51%|█████     | 379/750 [00:06<00:04, 79.74it/s]
Loading weights:  52%|█████▏    | 389/750 [00:06<00:04, 80.24it/s]
Loading weights:  54%|█████▍    | 405/750 [00:06<00:03, 100.39it/s]
Loading weights:  60%|█████▉    | 447/750 [00:06<00:01, 184.01it/s]
Loading weights:  70%|██████▉   | 523/750 [00:06<00:00, 341.59it/s]
Loading weights:  80%|███████▉  | 599/750 [00:06<00:00, 454.84it/s]
Loading weights:  92%|█████████▏| 691/750 [00:07<00:00, 585.72it/s]
Loading weights: 100%|██████████| 750/750 [00:07<00:00, 103.74it/s]
[DiffusionPipelineProfiler] Method path tokenizer.forward not found

Multi-thread loading shards:   0% Completed | 0/2 [00:00<?, ?it/s]

Multi-thread loading shards:  50% Completed | 1/2 [00:03<00:03,  3.15s/it]

Multi-thread loading shards: 100% Completed | 2/2 [00:06<00:00,  3.15s/it]

Multi-thread loading shards: 100% Completed | 2/2 [00:06<00:00,  3.15s/it]


  0%|          | 0/2 [00:00<?, ?it/s]
 50%|█████     | 1/2 [00:00<00:00,  3.11it/s]
100%|██████████| 2/2 [00:00<00:00,  5.48it/s]

Processed prompts:   0%|          | 0/1 [00:00<?, ?it/s]KV recv for 0_11e7d41b-3065-44db-9de9-8f7091288704 0.0ms


  0%|          | 0/50 [00:00<?, ?it/s][A

  2%|▏         | 1/50 [00:00<00:14,  3.43it/s][A

  4%|▍         | 2/50 [00:00<00:10,  4.71it/s][A

  8%|▊         | 4/50 [00:00<00:06,  6.73it/s][A

 10%|█         | 5/50 [00:00<00:06,  6.65it/s][A

 12%|█▏        | 6/50 [00:00<00:06,  6.37it/s][A

 14%|█▍        | 7/50 [00:01<00:06,  6.36it/s][A

 16%|█▌        | 8/50 [00:01<00:06,  6.35it/s][A

 18%|█▊        | 9/50 [00:01<00:06,  6.35it/s][A

 20%|██        | 10/50 [00:01<00:06,  6.36it/s][A

 22%|██▏       | 11/50 [00:01<00:06,  6.38it/s][A

 24%|██▍       | 12/50 [00:01<00:06,  6.30it/s][A

 26%|██▌       | 13/50 [00:02<00:05,  6.26it/s][A

 28%|██▊       | 14/50 [00:02<00:05,  6.26it/s][A

 30%|███       | 15/50 [00:02<00:05,  6.27it/s][A

 32%|███▏      | 16/50 [00:02<00:05,  6.28it/s][A

 34%|███▍      | 17/50 [00:02<00:05,  6.29it/s][A

 36%|███▌      | 18/50 [00:02<00:05,  6.27it/s][A

 38%|███▊      | 19/50 [00:03<00:04,  6.23it/s][A

 40%|████      | 20/50 [00:03<00:04,  6.26it/s][A

 42%|████▏     | 21/50 [00:03<00:04,  6.25it/s][A

 44%|████▍     | 22/50 [00:03<00:04,  6.27it/s][A

 46%|████▌     | 23/50 [00:03<00:04,  6.26it/s][A

 48%|████▊     | 24/50 [00:03<00:04,  6.26it/s][A

 50%|█████     | 25/50 [00:04<00:04,  6.25it/s][A

 52%|█████▏    | 26/50 [00:04<00:03,  6.25it/s][A

 54%|█████▍    | 27/50 [00:04<00:03,  6.25it/s][A

 56%|█████▌    | 28/50 [00:04<00:03,  6.29it/s][A

 58%|█████▊    | 29/50 [00:04<00:03,  6.26it/s][A

 60%|██████    | 30/50 [00:04<00:03,  6.25it/s][A

 62%|██████▏   | 31/50 [00:04<00:03,  6.23it/s][A

 64%|██████▍   | 32/50 [00:05<00:02,  6.22it/s][A

 66%|██████▌   | 33/50 [00:05<00:02,  6.25it/s][A

 68%|██████▊   | 34/50 [00:05<00:02,  6.26it/s][A

 70%|███████   | 35/50 [00:05<00:02,  6.26it/s][A

 72%|███████▏  | 36/50 [00:05<00:02,  6.29it/s][A

 74%|███████▍  | 37/50 [00:05<00:02,  6.26it/s][A

 76%|███████▌  | 38/50 [00:06<00:01,  6.24it/s][A

 78%|███████▊  | 39/50 [00:06<00:01,  6.24it/s][A

 80%|████████  | 40/50 [00:06<00:01,  6.27it/s][A

 82%|████████▏ | 41/50 [00:06<00:01,  6.25it/s][A

 84%|████████▍ | 42/50 [00:06<00:01,  6.28it/s][A

 86%|████████▌ | 43/50 [00:06<00:01,  6.29it/s][A

 88%|████████▊ | 44/50 [00:07<00:00,  6.30it/s][A

 90%|█████████ | 45/50 [00:07<00:00,  6.25it/s][A

 92%|█████████▏| 46/50 [00:07<00:00,  6.26it/s][A

 94%|█████████▍| 47/50 [00:07<00:00,  6.25it/s][A

 96%|█████████▌| 48/50 [00:07<00:00,  6.25it/s][A

 98%|█████████▊| 49/50 [00:07<00:00,  6.26it/s][A

100%|██████████| 50/50 [00:08<00:00,  6.25it/s][A
100%|██████████| 50/50 [00:08<00:00,  6.24it/s]
Peak GPU memory (this request): 39.28 GB reserved, 36.86 GB allocated, 2.43 GB pool overhead (6.2%)

Processed prompts: 100%|██████████| 1/1 [00:09<00:00,  9.95s/it]
Processed prompts: 100%|██████████| 1/1 [00:09<00:00,  9.95s/it]
{"phase": "warmup", "index": 0, "wall_s": 9.956099241999993, "device_used_peak_mib": 40997, "stage_durations_s": {"QwenImage21Pipeline.text_encoder.forward": 1.3228206349999994, "QwenImage21Pipeline.vae.encode": 0.1072988349999946, "QwenImage21Pipeline.diffuse": 8.112865382999999, "QwenImage21Pipeline.vae.decode": 0.20276760100000502, "queue_wait_ms": 0.6728980000048068, "stage_0_gen_ms": 9953.491926193237}, "engine_peak_memory_mb": 40226.0, "torch_max_memory_allocated_gib": 36.85647678375244, "torch_max_memory_reserved_gib": 39.283203125, "error": null, "image_sha256": "d9e0002ada507c89a98538243d8c3a76c9f90696e4235e6ca4017b64ff981ee2"}

Processed prompts:   0%|          | 0/1 [00:00<?, ?it/s]KV recv for 0_6f2bde43-7bc7-4aa2-9400-ab96e5c8a2cf 0.0ms


  0%|          | 0/50 [00:00<?, ?it/s][A

  2%|▏         | 1/50 [00:00<00:06,  7.55it/s][A

  4%|▍         | 2/50 [00:00<00:08,  5.43it/s][A

  6%|▌         | 3/50 [00:00<00:08,  5.85it/s][A

  8%|▊         | 4/50 [00:00<00:07,  6.06it/s][A

 10%|█         | 5/50 [00:00<00:07,  6.11it/s][A

 12%|█▏        | 6/50 [00:00<00:07,  6.00it/s][A

 14%|█▍        | 7/50 [00:01<00:07,  6.12it/s][A

 16%|█▌        | 8/50 [00:01<00:06,  6.17it/s][A

 18%|█▊        | 9/50 [00:01<00:06,  6.24it/s][A

 20%|██        | 10/50 [00:01<00:06,  6.28it/s][A

 22%|██▏       | 11/50 [00:01<00:06,  6.25it/s][A

 24%|██▍       | 12/50 [00:01<00:06,  6.17it/s][A

 26%|██▌       | 13/50 [00:02<00:06,  6.17it/s][A

 28%|██▊       | 14/50 [00:02<00:05,  6.19it/s][A

 30%|███       | 15/50 [00:02<00:05,  6.25it/s][A

 32%|███▏      | 16/50 [00:02<00:05,  6.25it/s][A

 34%|███▍      | 17/50 [00:02<00:05,  6.29it/s][A

 36%|███▌      | 18/50 [00:02<00:05,  6.24it/s][A

 38%|███▊      | 19/50 [00:03<00:05,  6.19it/s][A

 40%|████      | 20/50 [00:03<00:04,  6.20it/s][A

 42%|████▏     | 21/50 [00:03<00:04,  6.24it/s][A

 44%|████▍     | 22/50 [00:03<00:04,  6.24it/s][A

 46%|████▌     | 23/50 [00:03<00:04,  6.23it/s][A

 48%|████▊     | 24/50 [00:03<00:04,  6.20it/s][A

 50%|█████     | 25/50 [00:04<00:04,  6.20it/s][A

 52%|█████▏    | 26/50 [00:04<00:03,  6.21it/s][A

 54%|█████▍    | 27/50 [00:04<00:03,  6.25it/s][A

 56%|█████▌    | 28/50 [00:04<00:03,  6.25it/s][A

 58%|█████▊    | 29/50 [00:04<00:03,  6.28it/s][A

 60%|██████    | 30/50 [00:04<00:03,  6.28it/s][A

 62%|██████▏   | 31/50 [00:05<00:03,  6.22it/s][A

 64%|██████▍   | 32/50 [00:05<00:02,  6.20it/s][A

 66%|██████▌   | 33/50 [00:05<00:02,  6.22it/s][A

 68%|██████▊   | 34/50 [00:05<00:02,  6.24it/s][A

 70%|███████   | 35/50 [00:05<00:02,  6.27it/s][A

 72%|███████▏  | 36/50 [00:05<00:02,  6.25it/s][A

 74%|███████▍  | 37/50 [00:05<00:02,  6.23it/s][A

 76%|███████▌  | 38/50 [00:06<00:01,  6.23it/s][A

 78%|███████▊  | 39/50 [00:06<00:01,  6.27it/s][A

 80%|████████  | 40/50 [00:06<00:01,  6.27it/s][A

 82%|████████▏ | 41/50 [00:06<00:01,  6.28it/s][A

 84%|████████▍ | 42/50 [00:06<00:01,  6.25it/s][A

 86%|████████▌ | 43/50 [00:06<00:01,  6.24it/s][A

 88%|████████▊ | 44/50 [00:07<00:00,  6.25it/s][A

 90%|█████████ | 45/50 [00:07<00:00,  6.27it/s][A

 92%|█████████▏| 46/50 [00:07<00:00,  6.25it/s][A

 94%|█████████▍| 47/50 [00:07<00:00,  6.27it/s][A

 96%|█████████▌| 48/50 [00:07<00:00,  6.26it/s][A

 98%|█████████▊| 49/50 [00:07<00:00,  6.23it/s][A

100%|██████████| 50/50 [00:08<00:00,  6.25it/s][A
100%|██████████| 50/50 [00:08<00:00,  6.22it/s]
Peak GPU memory (this request): 39.28 GB reserved, 36.87 GB allocated, 2.42 GB pool overhead (6.2%)

Processed prompts: 100%|██████████| 1/1 [00:08<00:00,  8.54s/it]
Processed prompts: 100%|██████████| 1/1 [00:08<00:00,  8.54s/it]
{"phase": "measured", "index": 0, "wall_s": 8.537486740999995, "device_used_peak_mib": 40997, "stage_durations_s": {"QwenImage21Pipeline.text_encoder.forward": 0.0769795490000007, "QwenImage21Pipeline.vae.encode": 0.03300016599999367, "QwenImage21Pipeline.diffuse": 8.133517243, "QwenImage21Pipeline.vae.decode": 0.11293435900000759, "queue_wait_ms": 0.7549279999921055, "stage_0_gen_ms": 8534.948825836182}, "engine_peak_memory_mb": 40226.0, "torch_max_memory_allocated_gib": 36.86564636230469, "torch_max_memory_reserved_gib": 39.283203125, "error": null, "image_sha256": "d9e0002ada507c89a98538243d8c3a76c9f90696e4235e6ca4017b64ff981ee2"}

Processed prompts:   0%|          | 0/1 [00:00<?, ?it/s]KV recv for 0_f172d65a-db4d-43c2-afd3-6a6fdf8803fc 0.1ms


  0%|          | 0/50 [00:00<?, ?it/s][A

  2%|▏         | 1/50 [00:00<00:06,  7.57it/s][A

  4%|▍         | 2/50 [00:00<00:08,  5.43it/s][A

  6%|▌         | 3/50 [00:00<00:08,  5.85it/s][A

  8%|▊         | 4/50 [00:00<00:07,  6.06it/s][A

 10%|█         | 5/50 [00:00<00:07,  6.07it/s][A

 12%|█▏        | 6/50 [00:00<00:07,  5.99it/s][A

 14%|█▍        | 7/50 [00:01<00:07,  6.10it/s][A

 16%|█▌        | 8/50 [00:01<00:06,  6.18it/s][A

 18%|█▊        | 9/50 [00:01<00:06,  6.24it/s][A

 20%|██        | 10/50 [00:01<00:06,  6.28it/s][A

 22%|██▏       | 11/50 [00:01<00:06,  6.28it/s][A

 24%|██▍       | 12/50 [00:01<00:06,  6.16it/s][A

 26%|██▌       | 13/50 [00:02<00:05,  6.19it/s][A

 28%|██▊       | 14/50 [00:02<00:05,  6.22it/s][A

 30%|███       | 15/50 [00:02<00:05,  6.27it/s][A

 32%|███▏      | 16/50 [00:02<00:05,  6.33it/s][A

 34%|███▍      | 17/50 [00:02<00:05,  6.36it/s][A

 36%|███▌      | 18/50 [00:02<00:05,  6.27it/s][A

 38%|███▊      | 19/50 [00:03<00:04,  6.21it/s][A

 40%|████      | 20/50 [00:03<00:04,  6.25it/s][A

 42%|████▏     | 21/50 [00:03<00:04,  6.29it/s][A

 44%|████▍     | 22/50 [00:03<00:04,  6.32it/s][A

 46%|████▌     | 23/50 [00:03<00:04,  6.32it/s][A

 48%|████▊     | 24/50 [00:03<00:04,  6.29it/s][A

 50%|█████     | 25/50 [00:04<00:04,  6.22it/s][A

 52%|█████▏    | 26/50 [00:04<00:03,  6.22it/s][A

 54%|█████▍    | 27/50 [00:04<00:03,  6.27it/s][A

 56%|█████▌    | 28/50 [00:04<00:03,  6.30it/s][A

 58%|█████▊    | 29/50 [00:04<00:03,  6.33it/s][A

 60%|██████    | 30/50 [00:04<00:03,  6.32it/s][A

 62%|██████▏   | 31/50 [00:04<00:03,  6.28it/s][A

 64%|██████▍   | 32/50 [00:05<00:02,  6.25it/s][A

 66%|██████▌   | 33/50 [00:05<00:02,  6.27it/s][A

 68%|██████▊   | 34/50 [00:05<00:02,  6.30it/s][A

 70%|███████   | 35/50 [00:05<00:02,  6.30it/s][A

 72%|███████▏  | 36/50 [00:05<00:02,  6.29it/s][A

 74%|███████▍  | 37/50 [00:05<00:02,  6.26it/s][A

 76%|███████▌  | 38/50 [00:06<00:01,  6.26it/s][A

 78%|███████▊  | 39/50 [00:06<00:01,  6.28it/s][A

 80%|████████  | 40/50 [00:06<00:01,  6.30it/s][A

 82%|████████▏ | 41/50 [00:06<00:01,  6.32it/s][A

 84%|████████▍ | 42/50 [00:06<00:01,  6.31it/s][A

 86%|████████▌ | 43/50 [00:06<00:01,  6.26it/s][A

 88%|████████▊ | 44/50 [00:07<00:00,  6.23it/s][A

 90%|█████████ | 45/50 [00:07<00:00,  6.27it/s][A

 92%|█████████▏| 46/50 [00:07<00:00,  6.26it/s][A

 94%|█████████▍| 47/50 [00:07<00:00,  6.29it/s][A

 96%|█████████▌| 48/50 [00:07<00:00,  6.31it/s][A

 98%|█████████▊| 49/50 [00:07<00:00,  6.26it/s][A

100%|██████████| 50/50 [00:08<00:00,  6.25it/s][A
100%|██████████| 50/50 [00:08<00:00,  6.25it/s]
Peak GPU memory (this request): 39.28 GB reserved, 36.87 GB allocated, 2.42 GB pool overhead (6.2%)

Processed prompts: 100%|██████████| 1/1 [00:08<00:00,  8.46s/it]
Processed prompts: 100%|██████████| 1/1 [00:08<00:00,  8.46s/it]
{"phase": "measured", "index": 1, "wall_s": 8.463816808000004, "device_used_peak_mib": 40997, "stage_durations_s": {"QwenImage21Pipeline.text_encoder.forward": 0.07577929599999322, "QwenImage21Pipeline.vae.encode": 0.032932127999998784, "QwenImage21Pipeline.diffuse": 8.097924042999992, "QwenImage21Pipeline.vae.decode": 0.11266277699999705, "queue_wait_ms": 0.6258100000025024, "stage_0_gen_ms": 8461.746215820312}, "engine_peak_memory_mb": 40226.0, "torch_max_memory_allocated_gib": 36.86564636230469, "torch_max_memory_reserved_gib": 39.283203125, "error": null, "image_sha256": "d9e0002ada507c89a98538243d8c3a76c9f90696e4235e6ca4017b64ff981ee2"}
{
  "engine_init_s": 29.989794855,
  "engine_init_device_used_peak_mib": 33779,
  "wall_s": {
    "n": 2,
    "mean": 8.5006517745,
    "min": 8.463816808000004,
    "max": 8.537486740999995,
    "stdev": 0.05209250919385212
  },
  "device_used_peak_mib": {
    "n": 2,
    "mean": 40997.0,
    "min": 40997,
    "max": 40997,
    "stdev": 0.0
  },
  "stages_s": {
    "QwenImage21Pipeline.diffuse": {
      "n": 2,
      "mean": 8.115720642999996,
      "min": 8.097924042999992,
      "max": 8.133517243,
      "stdev": 0.02516819308413475
    },
    "QwenImage21Pipeline.text_encoder.forward": {
      "n": 2,
      "mean": 0.07637942249999696,
      "min": 0.07577929599999322,
      "max": 0.0769795490000007,
      "stdev": 0.0008487070354447853
    },
    "QwenImage21Pipeline.vae.decode": {
      "n": 2,
      "mean": 0.11279856800000232,
      "min": 0.11266277699999705,
      "max": 0.11293435900000759,
      "stdev": 0.00019203747385565756
    },
    "QwenImage21Pipeline.vae.encode": {
      "n": 2,
      "mean": 0.032966146999996226,
      "min": 0.032932127999998784,
      "max": 0.03300016599999367,
      "stdev": 4.81101311747538e-05
    },
    "queue_wait_ms": {
      "n": 2,
      "mean": 0.690368999997304,
      "min": 0.6258100000025024,
      "max": 0.7549279999921055,
      "stdev": 0.09130021336589289
    },
    "stage_0_gen_ms": {
      "n": 2,
      "mean": 8498.347520828247,
      "min": 8461.746215820312,
      "max": 8534.948825836182,
      "stdev": 51.762061942775354
    }
  },
  "image_sha256_identical": true,
  "failures": 0
}
