[stagehook] patched vllm_omni.diffusion.models.qwen_image_21.pipeline_qwen_image_21 in pid 4

Fetching 22 files:   0%|          | 0/22 [00:00<?, ?it/s]
Fetching 22 files: 100%|██████████| 22/22 [00:00<00:00, 1229.94it/s]
/usr/local/lib/python3.12/dist-packages/huggingface_hub/utils/_validators.py:206: UserWarning: The `local_dir_use_symlinks` argument is deprecated and ignored in `hf_hub_download`. Downloading to a local directory does not use symlinks anymore.
  warnings.warn(
Warning: You are sending unauthenticated requests to the HF Hub. Please set a HF_TOKEN to enable higher rate limits and faster downloads.

Fetching 4 files:   0%|          | 0/4 [00:00<?, ?it/s]
Fetching 4 files: 100%|██████████| 4/4 [00:00<00:00, 797.47it/s]

Loading weights:   0%|          | 0/750 [00:00<?, ?it/s]
Loading weights:   0%|          | 1/750 [00:01<15:00,  1.20s/it]
Loading weights:   1%|          | 6/750 [00:01<02:07,  5.86it/s]
Loading weights:   2%|▏         | 16/750 [00:01<00:42, 17.22it/s]
Loading weights:   3%|▎         | 23/750 [00:01<00:29, 25.00it/s]
Loading weights:   4%|▍         | 29/750 [00:01<00:24, 29.81it/s]
Loading weights:   5%|▍         | 37/750 [00:01<00:18, 38.61it/s]
Loading weights:   6%|▌         | 43/750 [00:01<00:17, 40.27it/s]
Loading weights:   7%|▋         | 50/750 [00:02<00:16, 43.03it/s]
Loading weights:   8%|▊         | 60/750 [00:02<00:13, 52.24it/s]
Loading weights:   9%|▉         | 68/750 [00:02<00:11, 57.91it/s]
Loading weights:  10%|█         | 75/750 [00:02<00:12, 54.85it/s]
Loading weights:  11%|█         | 82/750 [00:02<00:11, 58.28it/s]
Loading weights:  12%|█▏        | 90/750 [00:02<00:10, 62.84it/s]
Loading weights:  13%|█▎        | 97/750 [00:02<00:10, 63.22it/s]
Loading weights:  14%|█▍        | 104/750 [00:02<00:10, 63.43it/s]
Loading weights:  15%|█▍        | 112/750 [00:02<00:09, 66.29it/s]
Loading weights:  16%|█▌        | 120/750 [00:03<00:09, 68.56it/s]
Loading weights:  17%|█▋        | 127/750 [00:03<00:10, 58.18it/s]
Loading weights:  18%|█▊        | 137/750 [00:03<00:09, 64.88it/s]
Loading weights:  19%|█▉        | 146/750 [00:03<00:08, 69.06it/s]
Loading weights:  21%|██        | 154/750 [00:03<00:09, 65.01it/s]
Loading weights:  21%|██▏       | 161/750 [00:03<00:09, 61.14it/s]
Loading weights:  22%|██▏       | 168/750 [00:03<00:09, 62.72it/s]
Loading weights:  24%|██▎       | 177/750 [00:03<00:08, 68.31it/s]
Loading weights:  25%|██▍       | 184/750 [00:04<00:09, 62.22it/s]
Loading weights:  26%|██▌       | 192/750 [00:04<00:09, 61.11it/s]
Loading weights:  27%|██▋       | 203/750 [00:04<00:07, 68.58it/s]
Loading weights:  28%|██▊       | 211/750 [00:04<00:07, 70.35it/s]
Loading weights:  29%|██▉       | 220/750 [00:04<00:07, 74.15it/s]
Loading weights:  30%|███       | 228/750 [00:04<00:07, 71.25it/s]
Loading weights:  31%|███▏      | 236/750 [00:04<00:07, 70.53it/s]
Loading weights:  33%|███▎      | 244/750 [00:04<00:07, 70.51it/s]
Loading weights:  34%|███▎      | 252/750 [00:05<00:06, 71.36it/s]
Loading weights:  35%|███▍      | 260/750 [00:05<00:07, 67.03it/s]
Loading weights:  36%|███▌      | 267/750 [00:05<00:07, 67.35it/s]
Loading weights:  37%|███▋      | 274/750 [00:05<00:07, 67.93it/s]
Loading weights:  37%|███▋      | 281/750 [00:05<00:07, 61.86it/s]
Loading weights:  39%|███▉      | 291/750 [00:05<00:06, 66.55it/s]
Loading weights:  40%|████      | 300/750 [00:05<00:07, 62.13it/s]
Loading weights:  41%|████▏     | 310/750 [00:05<00:06, 68.81it/s]
Loading weights:  42%|████▏     | 318/750 [00:06<00:06, 68.06it/s]
Loading weights:  43%|████▎     | 325/750 [00:06<00:07, 60.53it/s]
Loading weights:  44%|████▍     | 333/750 [00:06<00:06, 63.44it/s]
Loading weights:  46%|████▌     | 343/750 [00:06<00:05, 71.47it/s]
Loading weights:  47%|████▋     | 351/750 [00:06<00:05, 71.09it/s]
Loading weights:  48%|████▊     | 359/750 [00:06<00:06, 62.96it/s]
Loading weights:  49%|████▉     | 369/750 [00:06<00:05, 64.43it/s]
Loading weights:  51%|█████     | 379/750 [00:06<00:05, 69.33it/s]
Loading weights:  52%|█████▏    | 387/750 [00:07<00:05, 71.28it/s]
Loading weights:  53%|█████▎    | 395/750 [00:07<00:05, 67.61it/s]
Loading weights:  58%|█████▊    | 438/750 [00:07<00:01, 158.42it/s]
Loading weights:  67%|██████▋   | 506/750 [00:07<00:00, 296.22it/s]
Loading weights:  77%|███████▋  | 580/750 [00:07<00:00, 410.53it/s]
Loading weights:  89%|████████▊ | 664/750 [00:07<00:00, 529.15it/s]
Loading weights:  97%|█████████▋| 728/750 [00:07<00:00, 523.32it/s]
Loading weights: 100%|██████████| 750/750 [00:07<00:00, 95.29it/s] 

Multi-thread loading shards:   0% Completed | 0/2 [00:00<?, ?it/s]

Multi-thread loading shards:  50% Completed | 1/2 [00:03<00:03,  3.77s/it]

Multi-thread loading shards: 100% Completed | 2/2 [00:06<00:00,  3.38s/it]

Multi-thread loading shards: 100% Completed | 2/2 [00:06<00:00,  3.44s/it]

[DiffusionPipelineProfiler] QwenImage21Pipeline.pre_process took 0.000005s

  0%|          | 0/2 [00:00<?, ?it/s]
 50%|█████     | 1/2 [00:00<00:00,  2.74it/s]
100%|██████████| 2/2 [00:00<00:00,  4.94it/s]

Processed prompts:   0%|          | 0/1 [00:00<?, ?it/s][DiffusionPipelineProfiler] QwenImage21Pipeline.pre_process took 0.076974s
[DiffusionPipelineProfiler] QwenImage21Pipeline.text_encoder.forward took 1.350518s
[DiffusionPipelineProfiler] QwenImage21Pipeline.encode_prompt took 1.418499s
[DiffusionPipelineProfiler] QwenImage21Pipeline.vae.encode took 0.135163s
[DiffusionPipelineProfiler] QwenImage21Pipeline._encode_vae_image took 0.135735s
[DiffusionPipelineProfiler] QwenImage21Pipeline.prepare_latents took 0.149939s
[DiffusionPipelineProfiler] QwenImage21Pipeline.prepare_timesteps took 0.000512s
[DiffusionPipelineProfiler] QwenImage21Pipeline._prepare_generation_context took 1.577638s


  0%|          | 0/50 [00:00<?, ?it/s][A

  2%|▏         | 1/50 [00:00<00:14,  3.47it/s][A

  4%|▍         | 2/50 [00:00<00:10,  4.78it/s][A

  8%|▊         | 4/50 [00:00<00:06,  6.77it/s][A

 10%|█         | 5/50 [00:00<00:06,  6.69it/s][A

 12%|█▏        | 6/50 [00:00<00:06,  6.43it/s][A

 14%|█▍        | 7/50 [00:01<00:06,  6.38it/s][A

 16%|█▌        | 8/50 [00:01<00:06,  6.38it/s][A

 18%|█▊        | 9/50 [00:01<00:06,  6.40it/s][A

 20%|██        | 10/50 [00:01<00:06,  6.43it/s][A

 22%|██▏       | 11/50 [00:01<00:06,  6.44it/s][A

 24%|██▍       | 12/50 [00:01<00:06,  6.31it/s][A

 26%|██▌       | 13/50 [00:02<00:05,  6.28it/s][A

 28%|██▊       | 14/50 [00:02<00:05,  6.32it/s][A

 30%|███       | 15/50 [00:02<00:05,  6.34it/s][A

 32%|███▏      | 16/50 [00:02<00:05,  6.37it/s][A

 34%|███▍      | 17/50 [00:02<00:05,  6.40it/s][A

 36%|███▌      | 18/50 [00:02<00:05,  6.35it/s][A

 38%|███▊      | 19/50 [00:03<00:04,  6.30it/s][A

 40%|████      | 20/50 [00:03<00:04,  6.31it/s][A

 42%|████▏     | 21/50 [00:03<00:04,  6.36it/s][A

 44%|████▍     | 22/50 [00:03<00:04,  6.40it/s][A

 46%|████▌     | 23/50 [00:03<00:04,  6.43it/s][A

 48%|████▊     | 24/50 [00:03<00:04,  6.43it/s][A

 50%|█████     | 25/50 [00:03<00:03,  6.37it/s][A

 52%|█████▏    | 26/50 [00:04<00:03,  6.34it/s][A

 54%|█████▍    | 27/50 [00:04<00:03,  6.36it/s][A

 56%|█████▌    | 28/50 [00:04<00:03,  6.39it/s][A

 58%|█████▊    | 29/50 [00:04<00:03,  6.41it/s][A

 60%|██████    | 30/50 [00:04<00:03,  6.39it/s][A

 62%|██████▏   | 31/50 [00:04<00:02,  6.38it/s][A

 64%|██████▍   | 32/50 [00:05<00:02,  6.35it/s][A

 66%|██████▌   | 33/50 [00:05<00:02,  6.36it/s][A

 68%|██████▊   | 34/50 [00:05<00:02,  6.38it/s][A

 70%|███████   | 35/50 [00:05<00:02,  6.41it/s][A

 72%|███████▏  | 36/50 [00:05<00:02,  6.40it/s][A

 74%|███████▍  | 37/50 [00:05<00:02,  6.39it/s][A

 76%|███████▌  | 38/50 [00:06<00:01,  6.36it/s][A

 78%|███████▊  | 39/50 [00:06<00:01,  6.34it/s][A

 80%|████████  | 40/50 [00:06<00:01,  6.36it/s][A

 82%|████████▏ | 41/50 [00:06<00:01,  6.37it/s][A

 84%|████████▍ | 42/50 [00:06<00:01,  6.40it/s][A

 86%|████████▌ | 43/50 [00:06<00:01,  6.36it/s][A

 88%|████████▊ | 44/50 [00:06<00:00,  6.37it/s][A

 90%|█████████ | 45/50 [00:07<00:00,  6.36it/s][A

 92%|█████████▏| 46/50 [00:07<00:00,  6.37it/s][A

 94%|█████████▍| 47/50 [00:07<00:00,  6.39it/s][A

 96%|█████████▌| 48/50 [00:07<00:00,  6.40it/s][A

 98%|█████████▊| 49/50 [00:07<00:00,  6.38it/s][A

100%|██████████| 50/50 [00:07<00:00,  6.36it/s][A
100%|██████████| 50/50 [00:07<00:00,  6.33it/s]
[DiffusionPipelineProfiler] QwenImage21Pipeline.diffuse took 7.989716s
[DiffusionPipelineProfiler] QwenImage21Pipeline.vae.decode took 0.131605s
[DiffusionPipelineProfiler] QwenImage21Pipeline._decode_latents took 0.133182s
[DiffusionPipelineProfiler] QwenImage21Pipeline.forward took 9.701132s
[DiffusionPipelineProfiler] QwenImage21Pipeline.post_process took 0.039495s

Processed prompts: 100%|██████████| 1/1 [00:09<00:00,  9.82s/it]
Processed prompts: 100%|██████████| 1/1 [00:09<00:00,  9.82s/it]
{"phase": "warmup", "index": 0, "wall_s": 9.823534154, "device_used_peak_mib": 41109, "stage_durations_s": {"QwenImage21Pipeline.text_encoder.forward": 1.3505183099999982, "QwenImage21Pipeline.encode_prompt": 1.418498846999995, "QwenImage21Pipeline.vae.encode": 0.13516312199999447, "QwenImage21Pipeline._encode_vae_image": 0.13573543800001175, "QwenImage21Pipeline.prepare_latents": 0.14993930500000374, "QwenImage21Pipeline.prepare_timesteps": 0.0005117070000011381, "QwenImage21Pipeline._prepare_generation_context": 1.5776378099999988, "QwenImage21Pipeline.diffuse": 7.989715961000002, "QwenImage21Pipeline.vae.decode": 0.13160522399999763, "queue_wait_ms": 0.7426380000055133, "stage_0_gen_ms": 9820.90139389038}, "engine_peak_memory_mb": 40226.0, "torch_max_memory_allocated_gib": 36.85647678375244, "torch_max_memory_reserved_gib": 39.283203125, "error": null, "image_sha256": "d9e0002ada507c89a98538243d8c3a76c9f90696e4235e6ca4017b64ff981ee2"}

Processed prompts:   0%|          | 0/1 [00:00<?, ?it/s][DiffusionPipelineProfiler] QwenImage21Pipeline.pre_process took 0.076608s
[DiffusionPipelineProfiler] QwenImage21Pipeline.text_encoder.forward took 0.081321s
[DiffusionPipelineProfiler] QwenImage21Pipeline.encode_prompt took 0.137311s
[DiffusionPipelineProfiler] QwenImage21Pipeline.vae.encode took 0.032667s
[DiffusionPipelineProfiler] QwenImage21Pipeline._encode_vae_image took 0.033148s
[DiffusionPipelineProfiler] QwenImage21Pipeline.prepare_latents took 0.038242s
[DiffusionPipelineProfiler] QwenImage21Pipeline.prepare_timesteps took 0.000355s
[DiffusionPipelineProfiler] QwenImage21Pipeline._prepare_generation_context took 0.178468s


  0%|          | 0/50 [00:00<?, ?it/s][A

  2%|▏         | 1/50 [00:00<00:06,  7.59it/s][A

  4%|▍         | 2/50 [00:00<00:08,  5.49it/s][A

  6%|▌         | 3/50 [00:00<00:07,  5.90it/s][A

  8%|▊         | 4/50 [00:00<00:07,  6.12it/s][A

 10%|█         | 5/50 [00:00<00:07,  6.21it/s][A

 12%|█▏        | 6/50 [00:00<00:07,  6.11it/s][A

 14%|█▍        | 7/50 [00:01<00:06,  6.17it/s][A

 16%|█▌        | 8/50 [00:01<00:06,  6.25it/s][A

 18%|█▊        | 9/50 [00:01<00:06,  6.29it/s][A

 20%|██        | 10/50 [00:01<00:06,  6.34it/s][A

 22%|██▏       | 11/50 [00:01<00:06,  6.35it/s][A

 24%|██▍       | 12/50 [00:01<00:06,  6.29it/s][A

 26%|██▌       | 13/50 [00:02<00:05,  6.25it/s][A

 28%|██▊       | 14/50 [00:02<00:05,  6.27it/s][A

 30%|███       | 15/50 [00:02<00:05,  6.27it/s][A

 32%|███▏      | 16/50 [00:02<00:05,  6.32it/s][A

 34%|███▍      | 17/50 [00:02<00:05,  6.35it/s][A

 36%|███▌      | 18/50 [00:02<00:05,  6.31it/s][A

 38%|███▊      | 19/50 [00:03<00:04,  6.28it/s][A

 40%|████      | 20/50 [00:03<00:04,  6.31it/s][A

 42%|████▏     | 21/50 [00:03<00:04,  6.34it/s][A

 44%|████▍     | 22/50 [00:03<00:04,  6.33it/s][A

 46%|████▌     | 23/50 [00:03<00:04,  6.31it/s][A

 48%|████▊     | 24/50 [00:03<00:04,  6.31it/s][A

 50%|█████     | 25/50 [00:03<00:03,  6.27it/s][A

 52%|█████▏    | 26/50 [00:04<00:03,  6.31it/s][A

 54%|█████▍    | 27/50 [00:04<00:03,  6.34it/s][A

 56%|█████▌    | 28/50 [00:04<00:03,  6.35it/s][A

 58%|█████▊    | 29/50 [00:04<00:03,  6.35it/s][A

 60%|██████    | 30/50 [00:04<00:03,  6.33it/s][A

 62%|██████▏   | 31/50 [00:04<00:03,  6.32it/s][A

 64%|██████▍   | 32/50 [00:05<00:02,  6.32it/s][A

 66%|██████▌   | 33/50 [00:05<00:02,  6.34it/s][A

 68%|██████▊   | 34/50 [00:05<00:02,  6.36it/s][A

 70%|███████   | 35/50 [00:05<00:02,  6.38it/s][A

 72%|███████▏  | 36/50 [00:05<00:02,  6.35it/s][A

 74%|███████▍  | 37/50 [00:05<00:02,  6.32it/s][A

 76%|███████▌  | 38/50 [00:06<00:01,  6.34it/s][A

 78%|███████▊  | 39/50 [00:06<00:01,  6.35it/s][A

 80%|████████  | 40/50 [00:06<00:01,  6.36it/s][A

 82%|████████▏ | 41/50 [00:06<00:01,  6.36it/s][A

 84%|████████▍ | 42/50 [00:06<00:01,  6.33it/s][A

 86%|████████▌ | 43/50 [00:06<00:01,  6.34it/s][A

 88%|████████▊ | 44/50 [00:06<00:00,  6.36it/s][A

 90%|█████████ | 45/50 [00:07<00:00,  6.34it/s][A

 92%|█████████▏| 46/50 [00:07<00:00,  6.38it/s][A

 94%|█████████▍| 47/50 [00:07<00:00,  6.39it/s][A

 96%|█████████▌| 48/50 [00:07<00:00,  6.33it/s][A

 98%|█████████▊| 49/50 [00:07<00:00,  6.31it/s][A

100%|██████████| 50/50 [00:07<00:00,  6.29it/s][A
100%|██████████| 50/50 [00:07<00:00,  6.30it/s]
[DiffusionPipelineProfiler] QwenImage21Pipeline.diffuse took 8.025788s
[DiffusionPipelineProfiler] QwenImage21Pipeline.vae.decode took 0.111414s
[DiffusionPipelineProfiler] QwenImage21Pipeline._decode_latents took 0.113034s
[DiffusionPipelineProfiler] QwenImage21Pipeline.forward took 8.317764s
[DiffusionPipelineProfiler] QwenImage21Pipeline.post_process took 0.034511s

Processed prompts: 100%|██████████| 1/1 [00:08<00:00,  8.43s/it]
Processed prompts: 100%|██████████| 1/1 [00:08<00:00,  8.43s/it]
{"phase": "measured", "index": 0, "wall_s": 8.43402798400001, "device_used_peak_mib": 41109, "stage_durations_s": {"QwenImage21Pipeline.text_encoder.forward": 0.0813213230000116, "QwenImage21Pipeline.encode_prompt": 0.1373109490000104, "QwenImage21Pipeline.vae.encode": 0.032667278999994664, "QwenImage21Pipeline._encode_vae_image": 0.033147808000009604, "QwenImage21Pipeline.prepare_latents": 0.03824192999999809, "QwenImage21Pipeline.prepare_timesteps": 0.00035484699999699387, "QwenImage21Pipeline._prepare_generation_context": 0.1784678899999932, "QwenImage21Pipeline.diffuse": 8.025788152000004, "QwenImage21Pipeline.vae.decode": 0.11141404600000726, "queue_wait_ms": 0.6724720000050866, "stage_0_gen_ms": 8431.58507347107}, "engine_peak_memory_mb": 40226.0, "torch_max_memory_allocated_gib": 36.86564636230469, "torch_max_memory_reserved_gib": 39.283203125, "error": null, "image_sha256": "d9e0002ada507c89a98538243d8c3a76c9f90696e4235e6ca4017b64ff981ee2"}

Processed prompts:   0%|          | 0/1 [00:00<?, ?it/s][DiffusionPipelineProfiler] QwenImage21Pipeline.pre_process took 0.057718s
[DiffusionPipelineProfiler] QwenImage21Pipeline.text_encoder.forward took 0.082515s
[DiffusionPipelineProfiler] QwenImage21Pipeline.encode_prompt took 0.130372s
[DiffusionPipelineProfiler] QwenImage21Pipeline.vae.encode took 0.032614s
[DiffusionPipelineProfiler] QwenImage21Pipeline._encode_vae_image took 0.033074s
[DiffusionPipelineProfiler] QwenImage21Pipeline.prepare_latents took 0.039924s
[DiffusionPipelineProfiler] QwenImage21Pipeline.prepare_timesteps took 0.000342s
[DiffusionPipelineProfiler] QwenImage21Pipeline._prepare_generation_context took 0.174278s


  0%|          | 0/50 [00:00<?, ?it/s][A

  2%|▏         | 1/50 [00:00<00:06,  7.68it/s][A

  4%|▍         | 2/50 [00:00<00:08,  5.49it/s][A

  6%|▌         | 3/50 [00:00<00:07,  5.90it/s][A

  8%|▊         | 4/50 [00:00<00:07,  6.13it/s][A

 10%|█         | 5/50 [00:00<00:07,  6.18it/s][A

 12%|█▏        | 6/50 [00:00<00:07,  6.07it/s][A

 14%|█▍        | 7/50 [00:01<00:06,  6.17it/s][A

 16%|█▌        | 8/50 [00:01<00:06,  6.26it/s][A

 18%|█▊        | 9/50 [00:01<00:06,  6.31it/s][A

 20%|██        | 10/50 [00:01<00:06,  6.35it/s][A

 22%|██▏       | 11/50 [00:01<00:06,  6.36it/s][A

 24%|██▍       | 12/50 [00:01<00:06,  6.24it/s][A

 26%|██▌       | 13/50 [00:02<00:05,  6.23it/s][A

 28%|██▊       | 14/50 [00:02<00:05,  6.24it/s][A

 30%|███       | 15/50 [00:02<00:05,  6.26it/s][A

 32%|███▏      | 16/50 [00:02<00:05,  6.30it/s][A

 34%|███▍      | 17/50 [00:02<00:05,  6.33it/s][A

 36%|███▌      | 18/50 [00:02<00:05,  6.31it/s][A

 38%|███▊      | 19/50 [00:03<00:04,  6.29it/s][A

 40%|████      | 20/50 [00:03<00:04,  6.32it/s][A

 42%|████▏     | 21/50 [00:03<00:04,  6.32it/s][A

 44%|████▍     | 22/50 [00:03<00:04,  6.35it/s][A

 46%|████▌     | 23/50 [00:03<00:04,  6.38it/s][A

 48%|████▊     | 24/50 [00:03<00:04,  6.33it/s][A

 50%|█████     | 25/50 [00:03<00:03,  6.31it/s][A

 52%|█████▏    | 26/50 [00:04<00:03,  6.29it/s][A

 54%|█████▍    | 27/50 [00:04<00:03,  6.27it/s][A

 56%|█████▌    | 28/50 [00:04<00:03,  6.31it/s][A

 58%|█████▊    | 29/50 [00:04<00:03,  6.33it/s][A

 60%|██████    | 30/50 [00:04<00:03,  6.34it/s][A

 62%|██████▏   | 31/50 [00:04<00:03,  6.33it/s][A

 64%|██████▍   | 32/50 [00:05<00:02,  6.32it/s][A

 66%|██████▌   | 33/50 [00:05<00:02,  6.31it/s][A

 68%|██████▊   | 34/50 [00:05<00:02,  6.33it/s][A

 70%|███████   | 35/50 [00:05<00:02,  6.33it/s][A

 72%|███████▏  | 36/50 [00:05<00:02,  6.31it/s][A

 74%|███████▍  | 37/50 [00:05<00:02,  6.31it/s][A

 76%|███████▌  | 38/50 [00:06<00:01,  6.31it/s][A

 78%|███████▊  | 39/50 [00:06<00:01,  6.30it/s][A

 80%|████████  | 40/50 [00:06<00:01,  6.27it/s][A

 82%|████████▏ | 41/50 [00:06<00:01,  6.32it/s][A

 84%|████████▍ | 42/50 [00:06<00:01,  6.34it/s][A

 86%|████████▌ | 43/50 [00:06<00:01,  6.33it/s][A

 88%|████████▊ | 44/50 [00:06<00:00,  6.34it/s][A

 90%|█████████ | 45/50 [00:07<00:00,  6.33it/s][A

 92%|█████████▏| 46/50 [00:07<00:00,  6.34it/s][A

 94%|█████████▍| 47/50 [00:07<00:00,  6.35it/s][A

 96%|█████████▌| 48/50 [00:07<00:00,  6.36it/s][A

 98%|█████████▊| 49/50 [00:07<00:00,  6.32it/s][A

100%|██████████| 50/50 [00:07<00:00,  6.32it/s][A
100%|██████████| 50/50 [00:07<00:00,  6.29it/s]
[DiffusionPipelineProfiler] QwenImage21Pipeline.diffuse took 8.036881s
[DiffusionPipelineProfiler] QwenImage21Pipeline.vae.decode took 0.111731s
[DiffusionPipelineProfiler] QwenImage21Pipeline._decode_latents took 0.113384s
[DiffusionPipelineProfiler] QwenImage21Pipeline.forward took 8.324956s
[DiffusionPipelineProfiler] QwenImage21Pipeline.post_process took 0.029638s

Processed prompts: 100%|██████████| 1/1 [00:08<00:00,  8.42s/it]
Processed prompts: 100%|██████████| 1/1 [00:08<00:00,  8.42s/it]
{"phase": "measured", "index": 1, "wall_s": 8.41723439799999, "device_used_peak_mib": 41109, "stage_durations_s": {"QwenImage21Pipeline.text_encoder.forward": 0.08251493400000243, "QwenImage21Pipeline.encode_prompt": 0.1303715819999951, "QwenImage21Pipeline.vae.encode": 0.03261375800001076, "QwenImage21Pipeline._encode_vae_image": 0.033074342999995565, "QwenImage21Pipeline.prepare_latents": 0.03992423200000417, "QwenImage21Pipeline.prepare_timesteps": 0.0003419410000020662, "QwenImage21Pipeline._prepare_generation_context": 0.17427782199999342, "QwenImage21Pipeline.diffuse": 8.036881070999996, "QwenImage21Pipeline.vae.decode": 0.11173122599998919, "queue_wait_ms": 0.6561240000024782, "stage_0_gen_ms": 8414.628267288208}, "engine_peak_memory_mb": 40226.0, "torch_max_memory_allocated_gib": 36.86564636230469, "torch_max_memory_reserved_gib": 39.283203125, "error": null, "image_sha256": "d9e0002ada507c89a98538243d8c3a76c9f90696e4235e6ca4017b64ff981ee2"}
{
  "engine_init_s": 31.302975406999998,
  "engine_init_device_used_peak_mib": 33891,
  "wall_s": {
    "n": 2,
    "mean": 8.425631191,
    "min": 8.41723439799999,
    "max": 8.43402798400001,
    "stdev": 0.011874858541053539
  },
  "device_used_peak_mib": {
    "n": 2,
    "mean": 41109.0,
    "min": 41109,
    "max": 41109,
    "stdev": 0.0
  },
  "stages_s": {
    "QwenImage21Pipeline._encode_vae_image": {
      "n": 2,
      "mean": 0.033111075500002585,
      "min": 0.033074342999995565,
      "max": 0.033147808000009604,
      "stdev": 5.194759968979686e-05
    },
    "QwenImage21Pipeline._prepare_generation_context": {
      "n": 2,
      "mean": 0.1763728559999933,
      "min": 0.17427782199999342,
      "max": 0.1784678899999932,
      "stdev": 0.0029628254964325917
    },
    "QwenImage21Pipeline.diffuse": {
      "n": 2,
      "mean": 8.0313346115,
      "min": 8.025788152000004,
      "max": 8.036881070999996,
      "stdev": 0.007843878248047585
    },
    "QwenImage21Pipeline.encode_prompt": {
      "n": 2,
      "mean": 0.13384126550000275,
      "min": 0.1303715819999951,
      "max": 0.1373109490000104,
      "stdev": 0.004906873462852964
    },
    "QwenImage21Pipeline.prepare_latents": {
      "n": 2,
      "mean": 0.03908308100000113,
      "min": 0.03824192999999809,
      "max": 0.03992423200000417,
      "stdev": 0.001189567152207987
    },
    "QwenImage21Pipeline.prepare_timesteps": {
      "n": 2,
      "mean": 0.00034839399999953,
      "min": 0.0003419410000020662,
      "max": 0.00035484699999699387,
      "stdev": 9.125920114406922e-06
    },
    "QwenImage21Pipeline.text_encoder.forward": {
      "n": 2,
      "mean": 0.08191812850000701,
      "min": 0.0813213230000116,
      "max": 0.08251493400000243,
      "stdev": 0.0008440104321923678
    },
    "QwenImage21Pipeline.vae.decode": {
      "n": 2,
      "mean": 0.11157263599999823,
      "min": 0.11141404600000726,
      "max": 0.11173122599998919,
      "stdev": 0.0002242801288439727
    },
    "QwenImage21Pipeline.vae.encode": {
      "n": 2,
      "mean": 0.03264051850000271,
      "min": 0.03261375800001076,
      "max": 0.032667278999994664,
      "stdev": 3.784506202450262e-05
    },
    "queue_wait_ms": {
      "n": 2,
      "mean": 0.6642980000037824,
      "min": 0.6561240000024782,
      "max": 0.6724720000050866,
      "stdev": 0.011559781660682087
    },
    "stage_0_gen_ms": {
      "n": 2,
      "mean": 8423.106670379639,
      "min": 8414.628267288208,
      "max": 8431.58507347107,
      "stdev": 11.990272639167221
    }
  },
  "image_sha256_identical": true,
  "failures": 0
}
